[
  {
    "agent": "ppo",
    "success": false,
    "message": "No checkpoint created",
    "timestamp": "2026-03-26T18:08:07.898944"
  },
  {
    "agent": "sac",
    "success": true,
    "message": "C:\\Users\\ADMIN\\Desktop\\Optima\\backend\\models\\rl_checkpoints\\SAC_20260326_183443_improved_reward99.847.pt",
    "timestamp": "2026-03-26T18:40:32.459518"
  },
  {
    "agent": "bandit",
    "success": false,
    "message": "Traceback (most recent call last):\n  File \"C:\\Users\\ADMIN\\Desktop\\Optima\\backend\\train_bandit.py\", line 17, in <module>\n    print(\"\\n\\U0001f4e5 Loading synthetic data...\")\n  File \"C:\\Users\\ADMIN\\.conda\\envs\\pricing\\Lib\\encodings\\cp1252.py\", line 19, in encode\n    return codecs.charmap_encode(input,self.errors,encoding_table)[0]\n           ^^^^^^^^^^^^^^^^^^^^^^^^^^^^^^^^^^^^^^^^^^^^^^^^^^^^^^^\nUnicodeEncodeError: 'charmap' codec can't encode character '\\U0001f4e5' in position 2: character maps to <undefined>\n",
    "timestamp": "2026-03-26T18:40:38.876683"
  }
]